
Version:  0.6.1
Git Commit:  324d022c190ce49e0440e6bdac6383e4874c7c70
Build Date:  2022-04-01T12:22:14Z
Commit Date:  2022-03-28T15:32:14Z
Dirty Build:  false
Go Version:  go1.19.4
Compiler:  gc
Platform:  normalized
