
  â”‚ A new release is available: 0.6.1 â†’ [32mv0.7.4[0m
  â”‚ [34m[4mhttps://github.com/mszostok/codeowners-validator/releases/tag/v0.7.4[0m[0m
