Print the CLI version

Usage:
  example version [flags]

Aliases:
  version, v

Examples:

example version
example version -o=json
example version -o=yaml
example version -o=short


Flags:
  -h, --help            help for version
  -o, --output string   Output format. One of: json | pretty | short | yaml (default "pretty")
