
[35mâ–“â–“â–“ example[0m

  [38;5;109;1mVersion[0m            [37m0.6.1[0m
  [38;5;109;1mGit Commit[0m         [37m324d022[0m
  [38;5;109;1mBuild Date[0m         [37m01 Apr 22 14:22 CEST (9 months ago)[0m
  [38;5;109;1mCommit Date[0m        [37m28 Mar 22 17:32 CEST (9 months ago)[0m
  [38;5;109;1mDirty Build[0m        [37mno[0m
  [38;5;109;1mGo version[0m         [37m1.19.4[0m
  [38;5;109;1mCompiler[0m           [37mgc[0m
  [38;5;109;1mPlatform[0m           [37mnormalized[0m

  â”‚ A new release is available: 0.6.1 â†’ [32mv0.7.4[0m
  â”‚ [34m[4mhttps://github.com/mszostok/codeowners-validator/releases/tag/v0.7.4[0m[0m
