{
  [34;1m"buildDate"[0m: [32;1m"2022-04-01T12:22:14Z"[0m,
  [34;1m"commitDate"[0m: [32;1m"2022-03-28T15:32:14Z"[0m,
  [34;1m"compiler"[0m: [32;1m"gc"[0m,
  [34;1m"gitCommit"[0m: [32;1m"324d022c190ce49e0440e6bdac6383e4874c7c70"[0m,
  [34;1m"goVersion"[0m: [32;1m"go1.19.4"[0m,
  [34;1m"platform"[0m: [32;1m"normalized"[0m,
  [34;1m"version"[0m: [32;1m"0.6.1"[0m
}
[33m[0m  [33mâ•­â”€â”€â”€â”€â”€â”€â”€â”€â”€â”€â”€â”€â”€â”€â”€â”€â”€â”€â”€â”€â”€â”€â”€â”€â”€â”€â”€â”€â”€â”€â”€â”€â”€â”€â”€â”€â”€â”€â”€â”€â”€â”€â”€â”€â”€â”€â”€â”€â”€â”€â”€â”€â”€â”€â”€â”€â”€â”€â”€â”€â”€â”€â”€â”€â”€â”€â”€â”€â”€â”€â•®[0m
[33m[0m  [33mâ”‚[0m A new release is available: [31m0.6.1[0m â†’ [32mv0.7.4[0m                           [33mâ”‚[0m
[33m[0m  [33mâ”‚[0m [34m[4mhttps://github.com/mszostok/codeowners-validator/releases/tag/v0.7.4[0m[0m [33mâ”‚[0m
[33m[0m  [33mâ•°â”€â”€â”€â”€â”€â”€â”€â”€â”€â”€â”€â”€â”€â”€â”€â”€â”€â”€â”€â”€â”€â”€â”€â”€â”€â”€â”€â”€â”€â”€â”€â”€â”€â”€â”€â”€â”€â”€â”€â”€â”€â”€â”€â”€â”€â”€â”€â”€â”€â”€â”€â”€â”€â”€â”€â”€â”€â”€â”€â”€â”€â”€â”€â”€â”€â”€â”€â”€â”€â”€â•¯[0m
