
[35mâ–“â–“â–“ example[0m

  [38;2;147;161;161;1mVersion[0m            [37m0.6.1[0m
  [38;2;147;161;161;1mGit Commit[0m         [37m324d022[0m
  [38;2;147;161;161;1mBuild Date[0m         [37m01 Apr 22 14:22 CEST (6 months ago)[0m
  [38;2;147;161;161;1mCommit Date[0m        [37m28 Mar 22 17:32 CEST (6 months ago)[0m
  [38;2;147;161;161;1mDirty Build[0m        [37mno[0m
  [38;2;147;161;161;1mGo version[0m         [37m1.19.1[0m
  [38;2;147;161;161;1mCompiler[0m           [37mgc[0m
  [38;2;147;161;161;1mPlatform[0m           [37mnormalized[0m
