
ðŸ’¡ ../../examples/custom-formatting/example

  Version              0.6.1
  Git Commit           324d022
  Build Date           01 Apr 22 14:22 CEST
  Commit Date          28 Mar 22 17:32 CEST
  Dirty Build          no
  Go version           1.19.1
  Compiler             gc
  Platform             normalized
