
▓▓▓ ./../../examples/upgrade-notice-custom/example

  Version              0.6.1
  Git Commit           324d022
  Build Date           01 Apr 22 14:22 CEST (5 months ago)
  Commit Date          28 Mar 22 17:32 CEST (5 months ago)
  Dirty Build          no
  Go version           1.19.1
  Compiler             gc
  Platform             darwin/amd64
  ╭──────────────────────────────────────────────────────────────────────╮
  │ A new release is available: 0.6.1 → v0.7.4                           │
  │ https://github.com/mszostok/codeowners-validator/releases/tag/v0.7.4 │
  ╰──────────────────────────────────────────────────────────────────────╯
