0.6.1
  ╭──────────────────────────────────────────────────────────────────────╮
  │ A new release is available: 0.6.1 → v0.7.4                           │
  │ https://github.com/mszostok/codeowners-validator/releases/tag/v0.7.4 │
  ╰──────────────────────────────────────────────────────────────────────╯
